Dannys-MacBook-Pro:test Danny$ cd ..
Dannys-MacBook-Pro:desktop Danny$ cd DojoAssignments
Dannys-MacBook-Pro:DojoAssignments Danny$ get init
-bash: get: command not found
Dannys-MacBook-Pro:DojoAssignments Danny$ git init
Initialized empty Git repository in /Users/Danny/Desktop/DojoAssignments/.git/
Dannys-MacBook-Pro:DojoAssignments Danny$ list
-bash: list: command not found
Dannys-MacBook-Pro:DojoAssignments Danny$ ls
MEAN		Ruby		iOS
Python		WebFundamentals	netCore
Dannys-MacBook-Pro:DojoAssignments Danny$ git status
On branch master

Initial commit

Untracked files:
  (use "git add <file>..." to include in what will be committed)

	MEAN/
	Python/
	Ruby/
	WebFundamentals/
	iOS/
	netCore/

nothing added to commit but untracked files present (use "git add" to track)
Dannys-MacBook-Pro:DojoAssignments Danny$ git add .
Dannys-MacBook-Pro:DojoAssignments Danny$ git commit -m "added MEAN Python Ruby WebFundamentals iOS and netCore"
[master (root-commit) 9590e14] added MEAN Python Ruby WebFundamentals iOS and netCore
 11 files changed, 0 insertions(+), 0 deletions(-)
 create mode 100644 MEAN/about.txt
 create mode 100644 Python/about.txt
 create mode 100644 Ruby/about.txt
 create mode 100644 WebFundamentals/CSS/about.txt
 create mode 100644 WebFundamentals/Git/about.txt
 create mode 100644 WebFundamentals/HTML/about.txt
 create mode 100644 WebFundamentals/HTML/indentation.html
 create mode 100644 WebFundamentals/Javascript/about.txt
 create mode 100644 WebFundamentals/about.txt
 create mode 100644 iOS/about.txt
 create mode 100644 netCore/about.txt
Dannys-MacBook-Pro:DojoAssignments Danny$ git status
On branch master
nothing to commit, working tree clean
Dannys-MacBook-Pro:DojoAssignments Danny$ git remote add origin https://github.com/professionalawesome/DojoAssignments.git
Dannys-MacBook-Pro:DojoAssignments Danny$ git push -u origin master
Username for 'https://github.com': professionalawesome
Password for 'https://professionalawesome@github.com':
remote: Invalid username or password.
fatal: Authentication failed for 'https://github.com/professionalawesome/DojoAssignments.git/'
Dannys-MacBook-Pro:DojoAssignments Danny$ git remote add origin https://github.com/professionalawesome/DojoAssignments.git
fatal: remote origin already exists.
Dannys-MacBook-Pro:DojoAssignments Danny$ git push -u origin master
Username for 'https://github.com': professionalawesome
Password for 'https://professionalawesome@github.com':
Counting objects: 6, done.
Delta compression using up to 4 threads.
Compressing objects: 100% (4/4), done.
Writing objects: 100% (6/6), 555 bytes | 0 bytes/s, done.
Total 6 (delta 0), reused 0 (delta 0)
To https://github.com/professionalawesome/DojoAssignments.git
 * [new branch]      master -> master
Branch master set up to track remote branch master from origin.
Dannys-MacBook-Pro:DojoAssignments Danny$ pwd
/Users/Danny/desktop/DojoAssignments
Dannys-MacBook-Pro:DojoAssignments Danny$ touch readme.md
Dannys-MacBook-Pro:DojoAssignments Danny$ vim readme.md

[No write since last change]
/bin/bash: q: command not found

shell returned 127

Press ENTER or type command to continue
Dannys-MacBook-Pro:DojoAssignments Danny$ vim readme.md
Dannys-MacBook-Pro:DojoAssignments Danny$ git status
On branch master
Your branch is up-to-date with 'origin/master'.
Untracked files:
  (use "git add <file>..." to include in what will be committed)

	readme.md

nothing added to commit but untracked files present (use "git add" to track)
Dannys-MacBook-Pro:DojoAssignments Danny$ git add readme.md
Dannys-MacBook-Pro:DojoAssignments Danny$ git commit -m "added readme.md document"
[master 4d2675b] added readme.md document
 1 file changed, 1 insertion(+)
 create mode 100644 readme.md
Dannys-MacBook-Pro:DojoAssignments Danny$ git status
On branch master
Your branch is ahead of 'origin/master' by 1 commit.
  (use "git push" to publish your local commits)
nothing to commit, working tree clean
Dannys-MacBook-Pro:DojoAssignments Danny$ git push
Counting objects: 3, done.
Delta compression using up to 4 threads.
Compressing objects: 100% (2/2), done.
Writing objects: 100% (3/3), 328 bytes | 0 bytes/s, done.
Total 3 (delta 1), reused 0 (delta 0)
remote: Resolving deltas: 100% (1/1), completed with 1 local objects.
To https://github.com/professionalawesome/DojoAssignments.git
   9590e14..4d2675b  master -> master
Dannys-MacBook-Pro:DojoAssignments Danny$ git status
On branch master
Your branch is up-to-date with 'origin/master'.
nothing to commit, working tree clean
Dannys-MacBook-Pro:DojoAssignments Danny$
